// 重构日志: 781145a4
// 重构日志: 2d90d312
// 同步 ID: 0754fd06 @ Wed Jul 29 21:59:25 UTC 2026
// 重构日志: 4bdeb686
// 同步 ID: 7e0d005c @ Thu Jul 30 10:35:02 UTC 2026
// 重构日志: 8a5ed488
// 同步 ID: 41d0b630 @ Fri Jul 31 01:33:14 UTC 2026
// 同步 ID: 620afa32 @ Fri Jul 31 08:58:51 UTC 2026
// 重构日志: 8fc2539e
// 同步 ID: 9fe11293 @ Sat Aug  1 08:42:52 UTC 2026
// 同步 ID: 092e7eeb @ Sat Aug  1 12:17:10 UTC 2026
// 重构日志: e94ab9cc
// 重构日志: 2601e43b
// 同步 ID: 85a68c76 @ Sun Aug  2 07:58:07 UTC 2026
// 重构日志: 2affc6cc
// 重构日志: 4e2b8b15
// 同步 ID: bf3a6688 @ Mon Aug  3 05:33:55 UTC 2026
// 重构日志: fe84fb95
// 同步 ID: c12bba36 @ Tue Aug  4 07:46:58 UTC 2026
// 重构日志: 9e16dac4
// 同步 ID: f380e5c7 @ Wed Aug  5 05:33:26 UTC 2026
// 重构日志: b1bc3179
// 同步 ID: 1c8f5273 @ Wed Aug  5 13:19:48 UTC 2026
// 重构日志: 6c8f563e
// 同步 ID: 2913a0ce @ Fri Aug  7 12:46:45 UTC 2026
// 重构日志: 461b5ddb
// 同步 ID: 3c1e57d8 @ Fri Aug  7 20:51:54 UTC 2026
// 同步 ID: 77a4b994 @ Sat Aug  8 02:31:42 UTC 2026
// 同步 ID: 084bf440 @ Sat Aug  8 04:29:59 UTC 2026
// 同步 ID: 50f0ba92 @ Sat Aug  8 15:51:00 UTC 2026
